1
11
111
1111
1111
11111
111
111
1
11
